[0m13:59:52.022983 [debug] [MainThread]: Sending event: {'category': 'dbt', 'action': 'invocation', 'label': 'start', 'context': [<snowplow_tracker.self_describing_json.SelfDescribingJson object at 0x00000241C05E35D0>, <snowplow_tracker.self_describing_json.SelfDescribingJson object at 0x00000241C2CA40D0>, <snowplow_tracker.self_describing_json.SelfDescribingJson object at 0x00000241C2D4E790>]}


============================== 13:59:52.026983 | 6c8f5ad2-7e99-4e5a-bef5-17a3910857b0 ==============================
[0m13:59:52.026983 [info ] [MainThread]: Running with dbt=1.7.19
[0m13:59:52.026983 [debug] [MainThread]: running dbt with arguments {'printer_width': '80', 'indirect_selection': 'eager', 'write_json': 'True', 'log_cache_events': 'False', 'partial_parse': 'True', 'cache_selected_only': 'False', 'profiles_dir': 'C:\\Users\\Utilisateur\\.dbt', 'fail_fast': 'False', 'debug': 'False', 'log_path': 'logs', 'version_check': 'True', 'warn_error': 'None', 'use_colors': 'True', 'use_experimental_parser': 'False', 'no_print': 'None', 'quiet': 'False', 'warn_error_options': 'WarnErrorOptions(include=[], exclude=[])', 'introspect': 'True', 'static_parser': 'True', 'log_format': 'default', 'target_path': 'None', 'invocation_command': 'dbt debug', 'send_anonymous_usage_stats': 'True'}
[0m13:59:52.027983 [info ] [MainThread]: dbt version: 1.7.19
[0m13:59:52.028983 [info ] [MainThread]: python version: 3.11.9
[0m13:59:52.028983 [info ] [MainThread]: python path: C:\Users\Utilisateur\Documents\projet ESG\industrial-sustainability-data-platform\.venv-dbt\Scripts\python.exe
[0m13:59:52.029984 [info ] [MainThread]: os info: Windows-10-10.0.26200-SP0
[0m13:59:52.084982 [info ] [MainThread]: Using profiles dir at C:\Users\Utilisateur\.dbt
[0m13:59:52.085983 [info ] [MainThread]: Using profiles.yml file at C:\Users\Utilisateur\.dbt\profiles.yml
[0m13:59:52.085983 [info ] [MainThread]: Using dbt_project.yml file at C:\Users\Utilisateur\Documents\projet ESG\industrial-sustainability-data-platform\dbt_project.yml
[0m13:59:52.086983 [info ] [MainThread]: adapter type: mysql
[0m13:59:52.087983 [info ] [MainThread]: adapter version: 1.7.0
[0m13:59:52.087983 [info ] [MainThread]: Configuration:
[0m13:59:52.088983 [info ] [MainThread]:   profiles.yml file [[32mOK found and valid[0m]
[0m13:59:52.088983 [info ] [MainThread]:   dbt_project.yml file [[31mERROR not found[0m]
[0m13:59:52.088983 [info ] [MainThread]: Required dependencies:
[0m13:59:52.089983 [debug] [MainThread]: Executing "git --help"
[0m13:59:52.120982 [debug] [MainThread]: STDOUT: "b"usage: git [-v | --version] [-h | --help] [-C <path>] [-c <name>=<value>]\n           [--exec-path[=<path>]] [--html-path] [--man-path] [--info-path]\n           [-p | --paginate | -P | --no-pager] [--no-replace-objects] [--no-lazy-fetch]\n           [--no-optional-locks] [--no-advice] [--bare] [--git-dir=<path>]\n           [--work-tree=<path>] [--namespace=<name>] [--config-env=<name>=<envvar>]\n           <command> [<args>]\n\nThese are common Git commands used in various situations:\n\nstart a working area (see also: git help tutorial)\n   clone      Clone a repository into a new directory\n   init       Create an empty Git repository or reinitialize an existing one\n\nwork on the current change (see also: git help everyday)\n   add        Add file contents to the index\n   mv         Move or rename a file, a directory, or a symlink\n   restore    Restore working tree files\n   rm         Remove files from the working tree and from the index\n\nexamine the history and state (see also: git help revisions)\n   bisect     Use binary search to find the commit that introduced a bug\n   diff       Show changes between commits, commit and working tree, etc\n   grep       Print lines matching a pattern\n   log        Show commit logs\n   show       Show various types of objects\n   status     Show the working tree status\n\ngrow, mark and tweak your common history\n   backfill   Download missing objects in a partial clone\n   branch     List, create, or delete branches\n   commit     Record changes to the repository\n   history    EXPERIMENTAL: Rewrite history\n   merge      Join two or more development histories together\n   rebase     Reapply commits on top of another base tip\n   reset      Set `HEAD` or the index to a known state\n   switch     Switch branches\n   tag        Create, list, delete or verify tags\n\ncollaborate (see also: git help workflows)\n   fetch      Download objects and refs from another repository\n   pull       Fetch from and integrate with another repository or a local branch\n   push       Update remote refs along with associated objects\n\n'git help -a' and 'git help -g' list available subcommands and some\nconcept guides. See 'git help <command>' or 'git help <concept>'\nto read about a specific subcommand or concept.\nSee 'git help git' for an overview of the system.\n""
[0m13:59:52.121983 [debug] [MainThread]: STDERR: "b''"
[0m13:59:52.121983 [info ] [MainThread]:  - git [[32mOK found[0m]

[0m13:59:52.122983 [info ] [MainThread]: Connection:
[0m13:59:52.122983 [info ] [MainThread]:   server: localhost
[0m13:59:52.123983 [info ] [MainThread]:   unix_socket: None
[0m13:59:52.123983 [info ] [MainThread]:   port: 3306
[0m13:59:52.124983 [info ] [MainThread]:   database: None
[0m13:59:52.124983 [info ] [MainThread]:   schema: helios_industrial_group
[0m13:59:52.125984 [info ] [MainThread]:   user: root
[0m13:59:52.125984 [info ] [MainThread]: Registered adapter: mysql=1.7.0
[0m13:59:52.126983 [debug] [MainThread]: Acquiring new mysql connection 'debug'
[0m13:59:52.126983 [debug] [MainThread]: Using mysql connection "debug"
[0m13:59:52.126983 [debug] [MainThread]: On debug: select 1 as id
[0m13:59:52.126983 [debug] [MainThread]: Opening a new connection, currently in state init
[0m13:59:52.145983 [debug] [MainThread]: SQL status: SUCCESS 1 in 0.0 seconds
[0m13:59:52.146983 [debug] [MainThread]: On debug: Close
[0m13:59:52.146983 [info ] [MainThread]:   Connection test: [[32mOK connection ok[0m]

[0m13:59:52.147985 [info ] [MainThread]: [31m1 check failed:[0m
[0m13:59:52.148983 [info ] [MainThread]: Project loading failed for the following reason:
 project path <C:\Users\Utilisateur\Documents\projet ESG\industrial-sustainability-data-platform\dbt_project.yml> not found

[0m13:59:52.148983 [debug] [MainThread]: Command `dbt debug` failed at 13:59:52.148983 after 0.18 seconds
[0m13:59:52.149983 [debug] [MainThread]: Connection 'debug' was properly closed.
[0m13:59:52.149983 [debug] [MainThread]: Sending event: {'category': 'dbt', 'action': 'invocation', 'label': 'end', 'context': [<snowplow_tracker.self_describing_json.SelfDescribingJson object at 0x00000241C2983210>, <snowplow_tracker.self_describing_json.SelfDescribingJson object at 0x00000241C2D8C990>, <snowplow_tracker.self_describing_json.SelfDescribingJson object at 0x00000241C2CA0610>]}
[0m13:59:52.149983 [debug] [MainThread]: Flushing usage events
